// Jest Snapshot v1, https://goo.gl/fbAQLP

exports[`does not render FallbackComponent when no error 1`] = `"test"`;

exports[`renders FallbackComponent on error 1`] = `"fallback"`;

exports[`renders correctly 1`] = `"test"`;

exports[`resets the error boundary when the FallbackComponent calls the passed clearError prop 1`] = `
<button
  onClick={[Function]}
>
  click for error
</button>
`;
